[{"earned":"1","gameName":"Random Game","shortName":"random","total_trophy":"5"}]
