[{"earned":"1","name":"Platform Game","shortname":"platform","total":"3"},{"earned":"1","name":"Random Game","shortname":"random","total":"5"}]
