{"name":"Platform Game","shortname":"platform","trophy":[{"achieved":"1","max_progress":"0","progress":"0","trophy_desc":"Learned to jump","trophy_name":"Jump"},{"achieved":"0","max_progress":"0","progress":"0","trophy_desc":"Defeated the boss","trophy_name":"Defeat Boss"},{"achieved":"0","max_progress":"100","progress":"20","trophy_desc":"Found 100 objects","trophy_name":"Collector"}],"version":"1"}
