[{"userName":"test","password":"","admin":false,"visible":true,"approved":true,"canApprove":false}]
